// Jest Snapshot v1, https://goo.gl/fbAQLP

exports[`Search icon tests should match snapshot 1`] = `
<div>
  <div
    class="sc-bczRLJ iMQlCq"
  >
    <img
      class="sc-gsnTZi debwpn"
      src="PosterUrl"
    />
    <h2
      class="sc-dkzDqf lfikQn"
    >
      New Movie
    </h2>
  </div>
</div>
`;
