// Jest Snapshot v1, https://goo.gl/fbAQLP

exports[`Search icon tests should match snapshot 1`] = `
<div>
  <div
    class="sc-bczRLJ hAzFxe"
  >
    <img
      class="sc-gsnTZi ccQtmD"
      src="PosterUrl"
    />
    <h2
      class="sc-dkzDqf bXXrQX"
    >
      New Movie
    </h2>
  </div>
</div>
`;
